// Jest Snapshot v1, https://goo.gl/fbAQLP

exports[`should edit a record on database 1`] = `
Object {
  "errors": Array [
    [GraphQLError: Cannot query field "PetEdit" on type "Mutation".],
  ],
}
`;

exports[`should not allow anonymous user 1`] = `
Object {
  "errors": Array [
    [GraphQLError: Cannot query field "PetEdit" on type "Mutation".],
  ],
}
`;
